../Core/Src/littlefs/lfs_util.h:108:24:lfs_max	16	static
../Core/Src/littlefs/lfs_util.h:112:24:lfs_min	16	static
../Core/Src/littlefs/lfs_util.h:117:24:lfs_aligndown	16	static
../Core/Src/littlefs/lfs_util.h:121:24:lfs_alignup	16	static
../Core/Src/littlefs/lfs_util.h:126:24:lfs_npw2	16	static
../Core/Src/littlefs/lfs_util.h:143:24:lfs_ctz	16	static
../Core/Src/littlefs/lfs_util.h:152:24:lfs_popc	16	static
../Core/Src/littlefs/lfs_util.h:164:19:lfs_scmp	16	static
../Core/Src/littlefs/lfs_util.h:169:24:lfs_fromle32	16	static
../Core/Src/littlefs/lfs_util.h:188:24:lfs_tole32	16	static
../Core/Src/littlefs/lfs_util.h:193:24:lfs_frombe32	16	static
../Core/Src/littlefs/lfs_util.h:212:24:lfs_tobe32	16	static
../Core/Src/littlefs/lfs_util.h:221:21:lfs_malloc	16	static
../Core/Src/littlefs/lfs_util.h:231:20:lfs_free	16	static
../Core/Src/littlefs/lfs.c:31:20:lfs_cache_drop	16	static
../Core/Src/littlefs/lfs.c:38:20:lfs_cache_zero	16	static
../Core/Src/littlefs/lfs.c:44:12:lfs_bd_read	56	static
../Core/Src/littlefs/lfs.c:127:12:lfs_bd_cmp	64	static
../Core/Src/littlefs/lfs.c:155:12:lfs_bd_flush	64	static
../Core/Src/littlefs/lfs.c:190:12:lfs_bd_sync	32	static
../Core/Src/littlefs/lfs.c:206:12:lfs_bd_prog	40	static
../Core/Src/littlefs/lfs.c:254:12:lfs_bd_erase	24	static
../Core/Src/littlefs/lfs.c:265:20:lfs_pair_swap	24	static
../Core/Src/littlefs/lfs.c:271:20:lfs_pair_isnull	16	static
../Core/Src/littlefs/lfs.c:275:19:lfs_pair_cmp	16	static
../Core/Src/littlefs/lfs.c:283:20:lfs_pair_sync	16	static
../Core/Src/littlefs/lfs.c:291:20:lfs_pair_fromle32	24	static
../Core/Src/littlefs/lfs.c:297:20:lfs_pair_tole32	24	static
../Core/Src/littlefs/lfs.c:316:20:lfs_tag_isvalid	16	static
../Core/Src/littlefs/lfs.c:320:20:lfs_tag_isdelete	16	static
../Core/Src/littlefs/lfs.c:324:24:lfs_tag_type1	16	static
../Core/Src/littlefs/lfs.c:328:24:lfs_tag_type3	16	static
../Core/Src/littlefs/lfs.c:332:23:lfs_tag_chunk	16	static
../Core/Src/littlefs/lfs.c:336:22:lfs_tag_splice	16	static
../Core/Src/littlefs/lfs.c:340:24:lfs_tag_id	16	static
../Core/Src/littlefs/lfs.c:344:26:lfs_tag_size	16	static
../Core/Src/littlefs/lfs.c:348:26:lfs_tag_dsize	16	static
../Core/Src/littlefs/lfs.c:368:20:lfs_gstate_xor	24	static
../Core/Src/littlefs/lfs.c:374:20:lfs_gstate_iszero	24	static
../Core/Src/littlefs/lfs.c:384:20:lfs_gstate_hasorphans	16	static
../Core/Src/littlefs/lfs.c:388:23:lfs_gstate_getorphans	16	static
../Core/Src/littlefs/lfs.c:392:20:lfs_gstate_hasmove	16	static
../Core/Src/littlefs/lfs.c:397:20:lfs_gstate_hasmovehere	16	static
../Core/Src/littlefs/lfs.c:402:20:lfs_gstate_fromle32	16	static
../Core/Src/littlefs/lfs.c:409:20:lfs_gstate_tole32	16	static
../Core/Src/littlefs/lfs.c:417:13:lfs_ctz_fromle32	16	static
../Core/Src/littlefs/lfs.c:423:13:lfs_ctz_tole32	16	static
../Core/Src/littlefs/lfs.c:429:20:lfs_superblock_fromle32	16	static
../Core/Src/littlefs/lfs.c:439:20:lfs_superblock_tole32	16	static
../Core/Src/littlefs/lfs.c:450:13:lfs_mlist_isopen	24	static
../Core/Src/littlefs/lfs.c:462:13:lfs_mlist_remove	24	static
../Core/Src/littlefs/lfs.c:471:13:lfs_mlist_append	16	static
../Core/Src/littlefs/lfs.c:528:12:lfs_alloc_lookahead	24	static
../Core/Src/littlefs/lfs.c:544:13:lfs_alloc_ack	16	static
../Core/Src/littlefs/lfs.c:550:13:lfs_alloc_drop	16	static
../Core/Src/littlefs/lfs.c:557:12:lfs_alloc	32	static
../Core/Src/littlefs/lfs.c:605:19:lfs_dir_getslice	72	static
../Core/Src/littlefs/lfs.c:667:19:lfs_dir_get	40	static
../Core/Src/littlefs/lfs.c:674:12:lfs_dir_getread	56	static
../Core/Src/littlefs/lfs.c:736:12:lfs_dir_traverse_filter	40	static
../Core/Src/littlefs/lfs.c:796:12:lfs_dir_traverse	272	static
../Core/Src/littlefs/lfs.c:996:19:lfs_dir_fetchmatch	136	static
../Core/Src/littlefs/lfs.c:1233:12:lfs_dir_fetch	40	static
../Core/Src/littlefs/lfs.c:1241:12:lfs_dir_getgstate	48	static
../Core/Src/littlefs/lfs.c:1259:12:lfs_dir_getinfo	48	static
../Core/Src/littlefs/lfs.c:1299:12:lfs_dir_find_match	72	static
../Core/Src/littlefs/lfs.c:1323:19:lfs_dir_find	88	static
../Core/Src/littlefs/lfs.c:1435:12:lfs_dir_commitprog	56	static
../Core/Src/littlefs/lfs.c:1452:12:lfs_dir_commitattr	72	static
../Core/Src/littlefs/lfs.c:1499:12:lfs_dir_commitcrc	104	static
../Core/Src/littlefs/lfs.c:1601:12:lfs_dir_alloc	48	static
../Core/Src/littlefs/lfs.c:1645:12:lfs_dir_drop	48	static
../Core/Src/littlefs/lfs.c:1666:12:lfs_dir_split	80	static
../Core/Src/littlefs/lfs.c:1701:12:lfs_dir_commit_size	32	static
../Core/Src/littlefs/lfs.c:1718:12:lfs_dir_commit_commit	32	static
../Core/Src/littlefs/lfs.c:1725:13:lfs_dir_needsrelocation	16	static
../Core/Src/littlefs/lfs.c:1738:12:lfs_dir_compact	152	static
../Core/Src/littlefs/lfs.c:1911:12:lfs_dir_splittingcompact	104	static
../Core/Src/littlefs/lfs.c:2007:12:lfs_dir_relocatingcommit	168	static
../Core/Src/littlefs/lfs.c:2178:12:lfs_dir_orphaningcommit	256	static
../Core/Src/littlefs/lfs.c:2371:12:lfs_dir_commit	32	static
../Core/Src/littlefs/lfs.c:2395:12:lfs_rawmkdir	240	static
../Core/Src/littlefs/lfs.c:2491:12:lfs_dir_rawopen	64	static
../Core/Src/littlefs/lfs.c:2535:12:lfs_dir_rawclose	16	static
../Core/Src/littlefs/lfs.c:2542:12:lfs_dir_rawread	32	static
../Core/Src/littlefs/lfs.c:2587:12:lfs_dir_rawseek	32	static
../Core/Src/littlefs/lfs.c:2624:19:lfs_dir_rawtell	16	static
../Core/Src/littlefs/lfs.c:2629:12:lfs_dir_rawrewind	24	static
../Core/Src/littlefs/lfs.c:2643:12:lfs_ctz_index	40	static
../Core/Src/littlefs/lfs.c:2656:12:lfs_ctz_find	72	static
../Core/Src/littlefs/lfs.c:2691:12:lfs_ctz_extend	80	static
../Core/Src/littlefs/lfs.c:2790:12:lfs_ctz_traverse	72	static
../Core/Src/littlefs/lfs.c:2835:12:lfs_file_rawopencfg	120	static
../Core/Src/littlefs/lfs.c:3001:12:lfs_file_rawopen	40	static
../Core/Src/littlefs/lfs.c:3008:12:lfs_file_rawclose	24	static
../Core/Src/littlefs/lfs.c:3028:12:lfs_file_relocate	64	static
../Core/Src/littlefs/lfs.c:3099:12:lfs_file_outline	24	static
../Core/Src/littlefs/lfs.c:3112:12:lfs_file_flush	136	static
../Core/Src/littlefs/lfs.c:3193:12:lfs_file_rawsync	72	static
../Core/Src/littlefs/lfs.c:3245:20:lfs_file_flushedread	80	static
../Core/Src/littlefs/lfs.c:3306:20:lfs_file_rawread	32	static
../Core/Src/littlefs/lfs.c:3325:20:lfs_file_flushedwrite	80	static
../Core/Src/littlefs/lfs.c:3413:20:lfs_file_rawwrite	48	static
../Core/Src/littlefs/lfs.c:3457:19:lfs_file_rawseek	56	static
../Core/Src/littlefs/lfs.c:3521:12:lfs_file_rawtruncate	72	static
../Core/Src/littlefs/lfs.c:3577:19:lfs_file_rawtell	16	static
../Core/Src/littlefs/lfs.c:3582:12:lfs_file_rawrewind	24	static
../Core/Src/littlefs/lfs.c:3591:19:lfs_file_rawsize	16	static
../Core/Src/littlefs/lfs.c:3605:12:lfs_rawstat	64	static
../Core/Src/littlefs/lfs.c:3616:12:lfs_rawremove	136	static
../Core/Src/littlefs/lfs.c:3695:12:lfs_rawrename	280	static
../Core/Src/littlefs/lfs.c:3830:20:lfs_rawgetattr	88	static
../Core/Src/littlefs/lfs.c:3864:12:lfs_commitattr	88	static
../Core/Src/littlefs/lfs.c:3888:12:lfs_rawsetattr	32	static
../Core/Src/littlefs/lfs.c:3899:12:lfs_rawremoveattr	32	static
../Core/Src/littlefs/lfs.c:3906:12:lfs_init	56	static
../Core/Src/littlefs/lfs.c:4015:12:lfs_deinit	16	static
../Core/Src/littlefs/lfs.c:4033:12:lfs_rawformat	136	static
../Core/Src/littlefs/lfs.c:4098:12:lfs_rawmount	120	static
../Core/Src/littlefs/lfs.c:4239:12:lfs_rawunmount	16	static
../Core/Src/littlefs/lfs.c:4245:5:lfs_fs_rawtraverse	128	static
../Core/Src/littlefs/lfs.c:4344:12:lfs_fs_pred	32	static
../Core/Src/littlefs/lfs.c:4379:12:lfs_fs_parent_match	72	static
../Core/Src/littlefs/lfs.c:4400:19:lfs_fs_parent	64	static
../Core/Src/littlefs/lfs.c:4429:12:lfs_fs_preporphans	24	static
../Core/Src/littlefs/lfs.c:4440:13:lfs_fs_prepmove	24	static
../Core/Src/littlefs/lfs.c:4450:12:lfs_fs_demove	96	static
../Core/Src/littlefs/lfs.c:4482:12:lfs_fs_deorphan	216	static
../Core/Src/littlefs/lfs.c:4609:12:lfs_fs_forceconsistency	24	static
../Core/Src/littlefs/lfs.c:4624:12:lfs_fs_size_count	24	static
../Core/Src/littlefs/lfs.c:4631:20:lfs_fs_rawsize	24	static
../Core/Src/littlefs/lfs.c:5303:5:lfs_format	24	static
../Core/Src/littlefs/lfs.c:5333:5:lfs_mount	24	static
../Core/Src/littlefs/lfs.c:5362:5:lfs_unmount	24	static
../Core/Src/littlefs/lfs.c:5377:5:lfs_remove	24	static
../Core/Src/littlefs/lfs.c:5393:5:lfs_rename	32	static
../Core/Src/littlefs/lfs.c:5408:5:lfs_stat	32	static
../Core/Src/littlefs/lfs.c:5422:13:lfs_getattr	40	static
../Core/Src/littlefs/lfs.c:5439:5:lfs_setattr	40	static
../Core/Src/littlefs/lfs.c:5457:5:lfs_removeattr	32	static
../Core/Src/littlefs/lfs.c:5473:5:lfs_file_open	32	static
../Core/Src/littlefs/lfs.c:5490:5:lfs_file_opencfg	40	static
../Core/Src/littlefs/lfs.c:5510:5:lfs_file_close	24	static
../Core/Src/littlefs/lfs.c:5526:5:lfs_file_sync	24	static
../Core/Src/littlefs/lfs.c:5542:13:lfs_file_read	32	static
../Core/Src/littlefs/lfs.c:5560:13:lfs_file_write	32	static
../Core/Src/littlefs/lfs.c:5578:12:lfs_file_seek	32	static
../Core/Src/littlefs/lfs.c:5596:5:lfs_file_truncate	32	static
../Core/Src/littlefs/lfs.c:5613:12:lfs_file_tell	24	static
../Core/Src/littlefs/lfs.c:5628:5:lfs_file_rewind	24	static
../Core/Src/littlefs/lfs.c:5642:12:lfs_file_size	24	static
../Core/Src/littlefs/lfs.c:5658:5:lfs_mkdir	24	static
../Core/Src/littlefs/lfs.c:5673:5:lfs_dir_open	32	static
../Core/Src/littlefs/lfs.c:5688:5:lfs_dir_close	24	static
../Core/Src/littlefs/lfs.c:5702:5:lfs_dir_read	32	static
../Core/Src/littlefs/lfs.c:5717:5:lfs_dir_seek	32	static
../Core/Src/littlefs/lfs.c:5732:12:lfs_dir_tell	24	static
../Core/Src/littlefs/lfs.c:5746:5:lfs_dir_rewind	24	static
../Core/Src/littlefs/lfs.c:5760:13:lfs_fs_size	24	static
../Core/Src/littlefs/lfs.c:5774:5:lfs_fs_traverse	32	static
